\BOOKMARK [0][-]{chapter.1}{\376\377\000C\000o\000n\000f\000i\000g\000u\000r\000a\000z\000i\000o\000n\000e\000\040\000d\000e\000l\000\040\000S\000i\000s\000t\000e\000m\000a\000\040\000e\000\040\000L\000o\000g\000i\000c\000a\000\040\000d\000i\000\040\000S\000v\000i\000l\000u\000p\000p\000o}{}% 1
\BOOKMARK [1][-]{section.1.1}{\376\377\000P\000a\000s\000s\000a\000g\000g\000i\000\040\000I\000n\000f\000o\000r\000m\000a\000t\000i\000c\000i\000\040\000p\000e\000r\000\040\000l\000a\000\040\000C\000o\000n\000f\000i\000g\000u\000r\000a\000z\000i\000o\000n\000e}{chapter.1}% 2
\BOOKMARK [1][-]{section.1.2}{\376\377\000L\000o\000g\000i\000c\000a\000\040\000d\000e\000i\000\040\000C\000o\000m\000p\000o\000n\000e\000n\000t\000i}{chapter.1}% 3
\BOOKMARK [1][-]{section.1.3}{\376\377\000V\000a\000n\000t\000a\000g\000g\000i\000\040\000r\000i\000s\000p\000e\000t\000t\000o\000\040\000a\000\040\000C\000o\000d\000e\000:\000:\000B\000l\000o\000c\000k\000s}{chapter.1}% 4
\BOOKMARK [1][-]{section.1.4}{\376\377\000D\000e\000s\000c\000r\000i\000z\000i\000o\000n\000e\000\040\000d\000e\000l\000l\000'\000E\000s\000e\000r\000c\000i\000t\000a\000z\000i\000o\000n\000e}{chapter.1}% 5
\BOOKMARK [1][-]{section.1.5}{\376\377\000S\000c\000o\000p\000o\000\040\000e\000\040\000O\000b\000i\000e\000t\000t\000i\000v\000i}{chapter.1}% 6
\BOOKMARK [1][-]{section.1.6}{\376\377\000D\000e\000t\000t\000a\000g\000l\000i\000\040\000d\000e\000l\000l\000'\000A\000t\000t\000u\000a\000z\000i\000o\000n\000e}{chapter.1}% 7
\BOOKMARK [0][-]{chapter.2}{\376\377\000M\000e\000s\000h}{}% 8
\BOOKMARK [1][-]{section.2.1}{\376\377\000G\000e\000n\000e\000r\000a\000z\000i\000o\000n\000e\000\040\000d\000e\000l\000l\000a\000\040\000M\000e\000s\000h\000\040\000c\000o\000n\000\040\000g\000m\000s\000h}{chapter.2}% 9
\BOOKMARK [2][-]{subsection.2.1.1}{\376\377\000R\000u\000o\000l\000o\000\040\000d\000e\000l\000l\000a\000\040\000D\000i\000s\000c\000r\000e\000t\000i\000z\000z\000a\000z\000i\000o\000n\000e\000\040\000S\000p\000a\000z\000i\000a\000l\000e}{section.2.1}% 10
\BOOKMARK [1][-]{section.2.2}{\376\377\000L\000o\000g\000i\000c\000a\000\040\000d\000i\000\040\000R\000a\000f\000f\000i\000n\000a\000m\000e\000n\000t\000o\000\040\000e\000\040\000A\000l\000g\000o\000r\000i\000t\000m\000i\000\040\000d\000i\000\040\000G\000e\000n\000e\000r\000a\000z\000i\000o\000n\000e}{chapter.2}% 11
\BOOKMARK [1][-]{section.2.3}{\376\377\000I\000l\000\040\000S\000o\000f\000t\000w\000a\000r\000e\000\040\000g\000m\000s\000h}{chapter.2}% 12
\BOOKMARK [1][-]{section.2.4}{\376\377\000G\000r\000i\000g\000l\000i\000e\000\040\000S\000t\000r\000u\000t\000t\000u\000r\000a\000t\000e\000\040\000e\000\040\000N\000o\000n\000\040\000S\000t\000r\000u\000t\000t\000u\000r\000a\000t\000e}{chapter.2}% 13
\BOOKMARK [2][-]{subsection.2.4.1}{\376\377\000G\000r\000i\000g\000l\000i\000e\000\040\000N\000o\000n\000\040\000S\000t\000r\000u\000t\000t\000u\000r\000a\000t\000e}{section.2.4}% 14
\BOOKMARK [1][-]{section.2.5}{\376\377\000I\000l\000\040\000F\000i\000l\000e\000\040\000.\000g\000e\000o\000\040\000d\000i\000\040\000g\000m\000s\000h}{chapter.2}% 15
\BOOKMARK [2][-]{subsection.2.5.1}{\376\377\000D\000e\000f\000i\000n\000i\000z\000i\000o\000n\000e\000\040\000d\000e\000l\000l\000a\000\040\000G\000e\000o\000m\000e\000t\000r\000i\000a}{section.2.5}% 16
\BOOKMARK [2][-]{subsection.2.5.2}{\376\377\000M\000e\000s\000h\000\040\000N\000o\000n\000\040\000S\000t\000r\000u\000t\000t\000u\000r\000a\000t\000a\000:\000\040\000C\000a\000m\000p\000i\000\040\000d\000i\000\040\000R\000a\000f\000f\000i\000n\000a\000m\000e\000n\000t\000o}{section.2.5}% 17
\BOOKMARK [1][-]{section.2.6}{\376\377\000S\000t\000r\000u\000t\000t\000u\000r\000a\000\040\000d\000e\000l\000\040\000F\000i\000l\000e\000\040\000.\000m\000s\000h\000:\000\040\000G\000l\000i\000\040\000E\000l\000e\000m\000e\000n\000t\000i}{chapter.2}% 18
\BOOKMARK [0][-]{chapter.3}{\376\377\000R\000i\000c\000h\000i\000a\000m\000i\000\040\000T\000e\000o\000r\000i\000c\000i}{}% 19
\BOOKMARK [1][-]{section.3.1}{\376\377\000E\000q\000u\000a\000z\000i\000o\000n\000i\000\040\000d\000i\000\040\000G\000o\000v\000e\000r\000n\000o\000:\000\040\000E\000u\000l\000e\000r\000o\000\040\0002\000D}{chapter.3}% 20
\BOOKMARK [2][-]{subsection.3.1.1}{\376\377\000F\000o\000r\000m\000a\000\040\000v\000e\000t\000t\000o\000r\000i\000a\000l\000e\000\040\000g\000e\000n\000e\000r\000a\000l\000e}{section.3.1}% 21
\BOOKMARK [2][-]{subsection.3.1.2}{\376\377\000S\000p\000e\000c\000i\000a\000l\000i\000z\000z\000a\000z\000i\000o\000n\000e\000\040\000a\000l\000\040\000c\000a\000s\000o\000\040\0002\000D}{section.3.1}% 22
\BOOKMARK [2][-]{subsection.3.1.3}{\376\377\000S\000c\000e\000l\000t\000a\000\040\000e\000\040\000o\000r\000d\000i\000n\000e\000\040\000d\000e\000l\000l\000e\000\040\000v\000a\000r\000i\000a\000b\000i\000l\000i\000\040\000c\000o\000n\000s\000e\000r\000v\000a\000t\000i\000v\000e}{section.3.1}% 23
\BOOKMARK [2][-]{subsection.3.1.4}{\376\377\000E\000q\000u\000a\000z\000i\000o\000n\000e\000\040\000d\000i\000\040\000s\000t\000a\000t\000o\000\040\000e\000\040\000c\000h\000i\000u\000s\000u\000r\000a\000\040\000d\000e\000l\000\040\000s\000i\000s\000t\000e\000m\000a}{section.3.1}% 24
\BOOKMARK [1][-]{section.3.2}{\376\377\000A\000d\000i\000m\000e\000n\000s\000i\000o\000n\000a\000l\000i\000z\000z\000a\000z\000i\000o\000n\000e}{chapter.3}% 25
\BOOKMARK [2][-]{subsection.3.2.1}{\376\377\000P\000e\000r\000c\000h\000\351\000\040\000r\000i\000s\000o\000l\000v\000e\000r\000e\000\040\000i\000n\000\040\000f\000o\000r\000m\000a\000\040\000a\000d\000i\000m\000e\000n\000s\000i\000o\000n\000a\000l\000e}{section.3.2}% 26
\BOOKMARK [2][-]{subsection.3.2.2}{\376\377\000S\000c\000e\000l\000t\000a\000\040\000d\000e\000l\000l\000e\000\040\000g\000r\000a\000n\000d\000e\000z\000z\000e\000\040\000d\000i\000\040\000r\000i\000f\000e\000r\000i\000m\000e\000n\000t\000o}{section.3.2}% 27
\BOOKMARK [2][-]{subsection.3.2.3}{\376\377\000I\000n\000v\000a\000r\000i\000a\000n\000z\000a\000\040\000d\000i\000\040\000f\000o\000r\000m\000a\000\040\000d\000e\000l\000l\000e\000\040\000e\000q\000u\000a\000z\000i\000o\000n\000i}{section.3.2}% 28
\BOOKMARK [1][-]{section.3.3}{\376\377\000D\000i\000s\000c\000r\000e\000t\000i\000z\000z\000a\000z\000i\000o\000n\000e\000\040\000a\000\040\000V\000o\000l\000u\000m\000i\000\040\000F\000i\000n\000i\000t\000i}{chapter.3}% 29
\BOOKMARK [2][-]{subsection.3.3.1}{\376\377\000D\000a\000l\000l\000a\000\040\000f\000o\000r\000m\000a\000\040\000i\000n\000t\000e\000g\000r\000a\000l\000e\000\040\000a\000l\000l\000a\000\040\000f\000o\000r\000m\000a\000\040\000s\000e\000m\000i\000d\000i\000s\000c\000r\000e\000t\000a}{section.3.3}% 30
\BOOKMARK [2][-]{subsection.3.3.2}{\376\377\000S\000i\000g\000n\000i\000f\000i\000c\000a\000t\000o\000\040\000d\000e\000i\000\040\000t\000e\000r\000m\000i\000n\000i}{section.3.3}% 31
\BOOKMARK [1][-]{section.3.4}{\376\377\000C\000a\000l\000c\000o\000l\000o\000\040\000d\000e\000i\000\040\000F\000l\000u\000s\000s\000i\000\040\000N\000u\000m\000e\000r\000i\000c\000i}{chapter.3}% 32
\BOOKMARK [2][-]{subsection.3.4.1}{\376\377\000S\000c\000h\000e\000m\000a\000\040\000d\000i\000\040\000L\000a\000x\040\023\000F\000r\000i\000e\000d\000r\000i\000c\000h\000s\000\040\000L\000o\000c\000a\000l\000e}{section.3.4}% 33
\BOOKMARK [2][-]{subsection.3.4.2}{\376\377\000S\000c\000h\000e\000m\000a\000\040\000d\000i\000\040\000R\000o\000e\000\040\000\050\000U\000p\000w\000i\000n\000d\000\051}{section.3.4}% 34
\BOOKMARK [2][-]{subsection.3.4.3}{\376\377\000C\000o\000n\000f\000r\000o\000n\000t\000o\000\040\000L\000a\000x\040\023\000F\000r\000i\000e\000d\000r\000i\000c\000h\000s\000\040\000v\000s\000\040\000R\000o\000e}{section.3.4}% 35
\BOOKMARK [1][-]{section.3.5}{\376\377\000I\000n\000t\000e\000g\000r\000a\000z\000i\000o\000n\000e\000\040\000T\000e\000m\000p\000o\000r\000a\000l\000e}{chapter.3}% 36
\BOOKMARK [2][-]{subsection.3.5.1}{\376\377\000C\000o\000n\000d\000i\000z\000i\000o\000n\000e\000\040\000C\000F\000L\000\040\000e\000\040\000s\000c\000e\000l\000t\000a\000\040\000d\000e\000l\000\040\000p\000a\000s\000s\000o}{section.3.5}% 37
\BOOKMARK [1][-]{section.3.6}{\376\377\000S\000o\000l\000u\000t\000o\000r\000i\000\040\000D\000e\000n\000s\000i\000t\000y\000-\000B\000a\000s\000e\000d\000\040\000e\000\040\000P\000r\000e\000s\000s\000u\000r\000e\000-\000B\000a\000s\000e\000d}{chapter.3}% 38
\BOOKMARK [2][-]{subsection.3.6.1}{\376\377\000A\000p\000p\000r\000o\000c\000c\000i\000o\000\040\000d\000e\000n\000s\000i\000t\000y\000-\000b\000a\000s\000e\000d}{section.3.6}% 39
\BOOKMARK [2][-]{subsection.3.6.2}{\376\377\000A\000p\000p\000r\000o\000c\000c\000i\000o\000\040\000p\000r\000e\000s\000s\000u\000r\000e\000-\000b\000a\000s\000e\000d}{section.3.6}% 40
\BOOKMARK [2][-]{subsection.3.6.3}{\376\377\000I\000l\000\040\000m\000e\000t\000o\000d\000o\000\040\000d\000i\000\040\000p\000r\000o\000i\000e\000z\000i\000o\000n\000e\000\040\000d\000i\000\040\000C\000h\000o\000r\000i\000n}{section.3.6}% 41
\BOOKMARK [1][-]{section.3.7}{\376\377\000C\000o\000n\000d\000i\000z\000i\000o\000n\000i\000\040\000a\000l\000\040\000C\000o\000n\000t\000o\000r\000n\000o}{chapter.3}% 42
\BOOKMARK [2][-]{subsection.3.7.1}{\376\377\000L\000o\000g\000i\000c\000a\000\040\000d\000i\000\040\000f\000o\000n\000d\000o\000:\000\040\000l\000a\000\040\000t\000e\000o\000r\000i\000a\000\040\000d\000e\000l\000l\000e\000\040\000c\000a\000r\000a\000t\000t\000e\000r\000i\000s\000t\000i\000c\000h\000e}{section.3.7}% 43
\BOOKMARK [2][-]{subsection.3.7.2}{\376\377\000D\000i\000s\000c\000u\000s\000s\000i\000o\000n\000e\000\040\000d\000e\000i\000\040\000q\000u\000a\000t\000t\000r\000o\000\040\000c\000a\000s\000i}{section.3.7}% 44
\BOOKMARK [2][-]{subsection.3.7.3}{\376\377\000Q\000u\000a\000d\000r\000o\000\040\000r\000i\000e\000p\000i\000l\000o\000g\000a\000t\000i\000v\000o}{section.3.7}% 45
\BOOKMARK [1][-]{section.3.8}{\376\377\000A\000n\000a\000l\000i\000s\000i\000\040\000d\000i\000\040\000C\000o\000n\000v\000e\000r\000g\000e\000n\000z\000a\000\040\000d\000e\000l\000l\000a\000\040\000G\000r\000i\000g\000l\000i\000a}{chapter.3}% 46
\BOOKMARK [2][-]{subsection.3.8.1}{\376\377\000V\000a\000l\000u\000t\000a\000z\000i\000o\000n\000e\000\040\000d\000e\000l\000l\000'\000O\000r\000d\000i\000n\000e\000\040\000d\000i\000\040\000C\000o\000n\000v\000e\000r\000g\000e\000n\000z\000a\000\040\000c\000o\000n\000\040\000l\000a\000\040\000N\000o\000r\000m\000a\000\040\000L\0002\000\040\000d\000e\000l\000l\000'\000E\000n\000t\000r\000o\000p\000i\000a}{section.3.8}% 47
\BOOKMARK [2][-]{subsection.3.8.2}{\376\377\000E\000s\000t\000r\000a\000p\000o\000l\000a\000z\000i\000o\000n\000e\000\040\000d\000i\000\040\000R\000i\000c\000h\000a\000r\000d\000s\000o\000n}{section.3.8}% 48
\BOOKMARK [2][-]{subsection.3.8.3}{\376\377\000O\000r\000d\000i\000n\000e\000\040\000t\000e\000o\000r\000i\000c\000o\000\040\000e\000d\000\040\000e\000f\000f\000e\000t\000t\000i\000v\000o\000:\000\040\000s\000t\000e\000s\000s\000o\000\040\000i\000m\000p\000i\000a\000n\000t\000o\000,\000\040\000i\000n\000c\000o\000g\000n\000i\000t\000e\000\040\000d\000i\000v\000e\000r\000s\000e}{section.3.8}% 49
\BOOKMARK [2][-]{subsection.3.8.4}{\376\377\000L\000u\000n\000g\000h\000e\000z\000z\000a\000\040\000c\000a\000r\000a\000t\000t\000e\000r\000i\000s\000t\000i\000c\000a\000\040\000n\000o\000m\000i\000n\000a\000l\000e\000\040\000e\000d\000\040\000e\000f\000f\000e\000t\000t\000i\000v\000a}{section.3.8}% 50
\BOOKMARK [2][-]{subsection.3.8.5}{\376\377\000V\000a\000l\000i\000d\000i\000t\000\340\000\040\000p\000e\000r\000\040\000g\000r\000i\000g\000l\000i\000e\000\040\000s\000t\000r\000u\000t\000t\000u\000r\000a\000t\000e\000\040\000e\000\040\000n\000o\000n\000\040\000s\000t\000r\000u\000t\000t\000u\000r\000a\000t\000e}{section.3.8}% 51
\BOOKMARK [0][-]{chapter.4}{\376\377\000C\000o\000d\000i\000c\000e\000\040\000C\000F\000D}{}% 52
\BOOKMARK [1][-]{section.4.1}{\376\377\000M\000o\000d\000u\000l\000o\000\040\000s\000t\000r\000u\000t\000t\000u\000r\000e\000.\000f\0009\0000}{chapter.4}% 53
\BOOKMARK [2][-]{subsection.4.1.1}{\376\377\000t\000i\000p\000o\000\137\000e\000l\000e\000m\000e\000n\000t\000o}{section.4.1}% 54
\BOOKMARK [2][-]{subsection.4.1.2}{\376\377\000t\000i\000p\000o\000\137\000n\000o\000d\000o}{section.4.1}% 55
\BOOKMARK [2][-]{subsection.4.1.3}{\376\377\000t\000i\000p\000o\000\137\000i\000n\000t\000e\000r\000f\000a\000c\000c\000i\000a}{section.4.1}% 56
\BOOKMARK [2][-]{subsection.4.1.4}{\376\377\000t\000i\000p\000o\000\137\000e\000l\000e\000m\000e\000n\000t\000o\000\137\000s\000o\000l\000i\000d\000o}{section.4.1}% 57
\BOOKMARK [2][-]{subsection.4.1.5}{\376\377\000t\000i\000p\000o\000\137\000b\000o\000r\000d\000o\000\040\000e\000\040\000t\000i\000p\000o\000\137\000e\000n\000t\000i\000t\000y}{section.4.1}% 58
\BOOKMARK [1][-]{section.4.2}{\376\377\000M\000o\000d\000u\000l\000o\000\040\000V\000a\000r\000i\000a\000b\000i\000l\000i\000.\000f\0009\0000}{chapter.4}% 59
\BOOKMARK [1][-]{section.4.3}{\376\377\000P\000r\000o\000g\000r\000a\000m\000m\000a\000\040\000P\000r\000i\000n\000c\000i\000p\000a\000l\000e\000\040\000m\000a\000i\000n\000.\000f\0009\0000}{chapter.4}% 60
\BOOKMARK [1][-]{section.4.4}{\376\377\000S\000u\000b\000r\000o\000u\000t\000i\000n\000e\000\040\000i\000n\000p\000u\000t}{chapter.4}% 61
\BOOKMARK [1][-]{section.4.5}{\376\377\000S\000u\000b\000r\000o\000u\000t\000i\000n\000e\000\040\000l\000e\000g\000g\000i\000\137\000g\000m\000s\000h}{chapter.4}% 62
\BOOKMARK [1][-]{section.4.6}{\376\377\000S\000u\000b\000r\000o\000u\000t\000i\000n\000e\000\040\000p\000r\000o\000c\000e\000s\000s\000a\000\137\000e\000l\000e\000m\000e\000n\000t\000i}{chapter.4}% 63
\BOOKMARK [1][-]{section.4.7}{\376\377\000S\000u\000b\000r\000o\000u\000t\000i\000n\000e\000\040\000i\000n\000i\000t}{chapter.4}% 64
\BOOKMARK [1][-]{section.4.8}{\376\377\000S\000u\000b\000r\000o\000u\000t\000i\000n\000e\000\040\000c\000o\000m\000p\000u\000t\000e\000\137\000d\000t}{chapter.4}% 65
\BOOKMARK [1][-]{section.4.9}{\376\377\000S\000u\000b\000r\000o\000u\000t\000i\000n\000e\000\040\000c\000o\000m\000p\000u\000t\000e\000\137\000f\000l\000u\000x\000e\000s}{chapter.4}% 66
\BOOKMARK [1][-]{section.4.10}{\376\377\000S\000u\000b\000r\000o\000u\000t\000i\000n\000e\000\040\000i\000n\000t\000e\000g\000\137\000t\000i\000m\000e}{chapter.4}% 67
\BOOKMARK [0][-]{chapter.5}{\376\377\000C\000o\000n\000d\000o\000t\000t\000o\000\040\000c\000o\000n\000\040\000B\000u\000m\000p}{}% 68
\BOOKMARK [1][-]{section.5.1}{\376\377\000D\000e\000s\000c\000r\000i\000z\000i\000o\000n\000e\000\040\000d\000e\000l\000\040\000C\000a\000s\000o\000\040\000S\000t\000u\000d\000i\000o}{chapter.5}% 69
\BOOKMARK [1][-]{section.5.2}{\376\377\000C\000o\000n\000d\000i\000z\000i\000o\000n\000i\000\040\000d\000i\000\040\000I\000n\000l\000e\000t\000\040\000e\000\040\000O\000u\000t\000l\000e\000t}{chapter.5}% 70
\BOOKMARK [1][-]{section.5.3}{\376\377\000G\000e\000n\000e\000r\000a\000z\000i\000o\000n\000e\000\040\000d\000e\000l\000l\000a\000\040\000M\000e\000s\000h\000\040\040\023\000\040\000F\000i\000l\000e\000\040\000b\000u\000m\000p\000.\000g\000e\000o}{chapter.5}% 71
\BOOKMARK [2][-]{subsection.5.3.1}{\376\377\000S\000t\000r\000u\000t\000t\000u\000r\000a\000\040\000G\000e\000n\000e\000r\000a\000l\000e\000\040\000d\000e\000l\000\040\000F\000i\000l\000e}{section.5.3}% 72
\BOOKMARK [2][-]{subsection.5.3.2}{\376\377\000D\000e\000f\000i\000n\000i\000z\000i\000o\000n\000e\000\040\000d\000e\000l\000l\000a\000\040\000M\000e\000s\000h\000\040\000S\000t\000r\000u\000t\000t\000u\000r\000a\000t\000a}{section.5.3}% 73
\BOOKMARK [1][-]{section.5.4}{\376\377\000M\000e\000s\000h\000\040\000N\000o\000n\000\040\000S\000t\000r\000u\000t\000t\000u\000r\000a\000t\000a\000\040\040\023\000\040\000F\000i\000l\000e\000\040\000b\000u\000m\000p\000\137\000u\000n\000s\000t\000r\000.\000g\000e\000o}{chapter.5}% 74
\BOOKMARK [1][-]{section.5.5}{\376\377\000C\000o\000n\000d\000i\000z\000i\000o\000n\000i\000\040\000a\000l\000\040\000C\000o\000n\000t\000o\000r\000n\000o\000\040\000e\000\040\000P\000a\000r\000a\000m\000e\000t\000r\000i\000\040\000d\000e\000l\000l\000a\000\040\000S\000i\000m\000u\000l\000a\000z\000i\000o\000n\000e}{chapter.5}% 75
\BOOKMARK [1][-]{section.5.6}{\376\377\000A\000n\000a\000l\000i\000s\000i\000\040\000d\000i\000\040\000C\000o\000n\000v\000e\000r\000g\000e\000n\000z\000a\000\040\000d\000e\000l\000l\000a\000\040\000G\000r\000i\000g\000l\000i\000a}{chapter.5}% 76
\BOOKMARK [2][-]{subsection.5.6.1}{\376\377\000R\000a\000f\000f\000i\000n\000a\000m\000e\000n\000t\000o\000\040\000P\000r\000o\000g\000r\000e\000s\000s\000i\000v\000o\000\040\000d\000e\000l\000l\000a\000\040\000G\000r\000i\000g\000l\000i\000a}{section.5.6}% 77
\BOOKMARK [2][-]{subsection.5.6.2}{\376\377\000C\000a\000m\000p\000o\000\040\000S\000t\000a\000z\000i\000o\000n\000a\000r\000i\000o\000\040\000d\000i\000\040\000M\000a\000c\000h\000\040\000e\000\040\000P\000r\000e\000s\000s\000i\000o\000n\000e\000:\000\040\000R\000o\000e\000\040\000v\000s\000\040\000L\000a\000x\040\023\000F\000r\000i\000e\000d\000r\000i\000c\000h\000s}{section.5.6}% 78
\BOOKMARK [2][-]{subsection.5.6.3}{\376\377\000N\000o\000r\000m\000a\000\040\000L\0002\000\040\000d\000e\000l\000l\000'\000E\000n\000t\000r\000o\000p\000i\000a\000\040\000e\000\040\000O\000r\000d\000i\000n\000e\000\040\000d\000i\000\040\000C\000o\000n\000v\000e\000r\000g\000e\000n\000z\000a}{section.5.6}% 79
\BOOKMARK [2][-]{subsection.5.6.4}{\376\377\000C\000o\000n\000s\000i\000d\000e\000r\000a\000z\000i\000o\000n\000i\000\040\000s\000u\000l\000l\000a\000\040\000S\000c\000e\000l\000t\000a\000\040\000d\000e\000l\000l\000o\000\040\000S\000c\000h\000e\000m\000a\000\040\000N\000u\000m\000e\000r\000i\000c\000o}{section.5.6}% 80
\BOOKMARK [1][-]{section.5.7}{\376\377\000D\000a\000t\000i\000\040\000d\000i\000\040\000R\000i\000f\000e\000r\000i\000m\000e\000n\000t\000o\000\040\000e\000\040\000V\000a\000l\000u\000t\000a\000z\000i\000o\000n\000e\000\040\000G\000r\000a\000f\000i\000c\000a\000\040\000d\000e\000l\000l\000'\000O\000r\000d\000i\000n\000e}{chapter.5}% 81
\BOOKMARK [2][-]{subsection.5.7.1}{\376\377\000T\000a\000b\000e\000l\000l\000a\000\040\000d\000e\000l\000l\000a\000\040\000S\000o\000l\000u\000z\000i\000o\000n\000e\000\040\000E\000s\000a\000t\000t\000a\000\040\000F\000o\000r\000n\000i\000t\000a}{section.5.7}% 82
\BOOKMARK [2][-]{subsection.5.7.2}{\376\377\000C\000o\000n\000f\000r\000o\000n\000t\000o\000\040\000t\000r\000a\000\040\000D\000a\000t\000i\000\040\000C\000a\000l\000c\000o\000l\000a\000t\000i\000\040\000e\000\040\000D\000a\000t\000i\000\040\000d\000i\000\040\000R\000i\000f\000e\000r\000i\000m\000e\000n\000t\000o}{section.5.7}% 83
\BOOKMARK [2][-]{subsection.5.7.3}{\376\377\000S\000i\000g\000n\000i\000f\000i\000c\000a\000t\000o\000\040\000d\000e\000l\000\040\000G\000r\000a\000f\000i\000c\000o\000\040\000L\000o\000g\000-\000L\000o\000g}{section.5.7}% 84
\BOOKMARK [1][-]{section.5.8}{\376\377\000S\000t\000u\000d\000i\000o\000\040\000d\000e\000l\000l\000a\000\040\000S\000t\000a\000b\000i\000l\000i\000t\000\340\000\040\000a\000l\000\040\000V\000a\000r\000i\000a\000r\000e\000\040\000d\000e\000l\000l\000a\000\040\000C\000F\000L}{chapter.5}% 85
\BOOKMARK [2][-]{subsection.5.8.1}{\376\377\000D\000i\000s\000t\000i\000n\000z\000i\000o\000n\000e\000\040\000t\000r\000a\000\040\000C\000o\000n\000v\000e\000r\000g\000e\000n\000z\000a\000\040\000S\000p\000a\000z\000i\000a\000l\000e\000\040\000e\000\040\000T\000e\000m\000p\000o\000r\000a\000l\000e}{section.5.8}% 86
\BOOKMARK [2][-]{subsection.5.8.2}{\376\377\000E\000s\000t\000r\000a\000z\000i\000o\000n\000e\000\040\000d\000e\000i\000\040\000D\000a\000t\000i\000\040\000d\000a\000l\000\040\000C\000o\000d\000i\000c\000e\000\040\000F\000o\000r\000t\000r\000a\000n}{section.5.8}% 87
\BOOKMARK [0][-]{chapter.6}{\376\377\000P\000r\000e\000s\000a\000\040\000d\000'\000A\000r\000i\000a\000\040\000a\000\040\000D\000o\000p\000p\000i\000a\000\040\000R\000a\000m\000p\000a}{}% 88
\BOOKMARK [1][-]{section.6.1}{\376\377\000D\000e\000s\000c\000r\000i\000z\000i\000o\000n\000e\000\040\000d\000e\000l\000\040\000C\000a\000s\000o\000\040\000S\000t\000u\000d\000i\000o}{chapter.6}% 89
\BOOKMARK [1][-]{section.6.2}{\376\377\000C\000o\000n\000d\000i\000z\000i\000o\000n\000i\000\040\000d\000i\000\040\000I\000n\000l\000e\000t\000\040\000e\000\040\000O\000u\000t\000l\000e\000t}{chapter.6}% 90
\BOOKMARK [1][-]{section.6.3}{\376\377\000G\000e\000o\000m\000e\000t\000r\000i\000a\000\040\040\023\000\040\000V\000e\000r\000s\000i\000o\000n\000e\000\040\000R\000e\000a\000l\000e\000\040\000e\000\040\000S\000e\000m\000p\000l\000i\000f\000i\000c\000a\000t\000a}{chapter.6}% 91
\BOOKMARK [2][-]{subsection.6.3.1}{\376\377\000G\000e\000o\000m\000e\000t\000r\000i\000a\000\040\000R\000e\000a\000l\000e}{section.6.3}% 92
\BOOKMARK [2][-]{subsection.6.3.2}{\376\377\000G\000e\000o\000m\000e\000t\000r\000i\000a\000\040\000S\000e\000m\000p\000l\000i\000f\000i\000c\000a\000t\000a}{section.6.3}% 93
\BOOKMARK [1][-]{section.6.4}{\376\377\000M\000e\000s\000h\000\040\000p\000e\000r\000\040\000l\000'\000A\000n\000a\000l\000i\000s\000i\000\040\000d\000i\000\040\000C\000o\000n\000v\000e\000r\000g\000e\000n\000z\000a}{chapter.6}% 94
\BOOKMARK [1][-]{section.6.5}{\376\377\000A\000n\000a\000l\000i\000s\000i\000\040\000d\000i\000\040\000C\000o\000n\000v\000e\000r\000g\000e\000n\000z\000a\000\040\000c\000o\000n\000\040\000E\000s\000t\000r\000a\000p\000o\000l\000a\000z\000i\000o\000n\000e\000\040\000d\000i\000\040\000R\000i\000c\000h\000a\000r\000d\000s\000o\000n}{chapter.6}% 95
\BOOKMARK [1][-]{section.6.6}{\376\377\000C\000o\000n\000d\000i\000z\000i\000o\000n\000i\000\040\000a\000l\000\040\000C\000o\000n\000t\000o\000r\000n\000o\000\040\000e\000\040\000P\000a\000r\000a\000m\000e\000t\000r\000i\000\040\000d\000e\000l\000l\000a\000\040\000S\000i\000m\000u\000l\000a\000z\000i\000o\000n\000e}{chapter.6}% 96
\BOOKMARK [1][-]{section.6.7}{\376\377\000C\000o\000n\000f\000r\000o\000n\000t\000o\000\040\000c\000o\000n\000\040\000D\000a\000t\000i\000\040\000S\000p\000e\000r\000i\000m\000e\000n\000t\000a\000l\000i}{chapter.6}% 97
\BOOKMARK [1][-]{section.6.8}{\376\377\000C\000a\000m\000p\000i\000\040\000d\000i\000\040\000M\000a\000c\000h\000,\000\040\000P\000r\000e\000s\000s\000i\000o\000n\000e\000\040\000e\000\040\000T\000e\000m\000p\000e\000r\000a\000t\000u\000r\000a\000\040\000\050\000S\000o\000l\000u\000t\000o\000r\000e\000\040\000E\000u\000l\000e\000r\000\051}{chapter.6}% 98
\BOOKMARK [0][-]{chapter.7}{\376\377\000L\000S\0005\0009}{}% 99
\BOOKMARK [1][-]{section.7.1}{\376\377\000D\000e\000s\000c\000r\000i\000z\000i\000o\000n\000e\000\040\000d\000e\000l\000\040\000C\000a\000s\000o\000\040\000S\000t\000u\000d\000i\000o}{chapter.7}% 100
\BOOKMARK [1][-]{section.7.2}{\376\377\000C\000o\000n\000d\000i\000z\000i\000o\000n\000i\000\040\000d\000i\000\040\000I\000n\000l\000e\000t\000\040\000e\000\040\000O\000u\000t\000l\000e\000t}{chapter.7}% 101
\BOOKMARK [1][-]{section.7.3}{\376\377\000A\000n\000g\000o\000l\000o\000\040\000d\000i\000\040\000A\000t\000t\000a\000c\000c\000o\000\040\000e\000\040\000D\000e\000f\000l\000e\000s\000s\000i\000o\000n\000e\000\040\040\023\000\040\000C\000o\000n\000s\000i\000d\000e\000r\000a\000z\000i\000o\000n\000i\000\040\000T\000e\000o\000r\000i\000c\000h\000e}{chapter.7}% 102
\BOOKMARK [1][-]{section.7.4}{\376\377\000M\000e\000s\000h\000\040\000d\000i\000\040\000C\000a\000l\000c\000o\000l\000o}{chapter.7}% 103
\BOOKMARK [1][-]{section.7.5}{\376\377\000C\000o\000n\000f\000r\000o\000n\000t\000o\000\040\000c\000o\000n\000\040\000D\000a\000t\000i\000\040\000S\000p\000e\000r\000i\000m\000e\000n\000t\000a\000l\000i\000\040\000e\000\040\000A\000n\000a\000l\000i\000s\000i\000\040\000c\000o\000n\000\040\000A\000N\000S\000Y\000S\000\040\000F\000l\000u\000e\000n\000t}{chapter.7}% 104
\BOOKMARK [1][-]{section.7.6}{\376\377\000C\000a\000m\000p\000i\000\040\000d\000i\000\040\000M\000a\000c\000h\000,\000\040\000P\000r\000e\000s\000s\000i\000o\000n\000e\000\040\000e\000\040\000T\000e\000m\000p\000e\000r\000a\000t\000u\000r\000a}{chapter.7}% 105
\BOOKMARK [2][-]{subsection.7.6.1}{\376\377\000C\000a\000m\000p\000o\000\040\000d\000i\000\040\000P\000r\000e\000s\000s\000i\000o\000n\000e}{section.7.6}% 106
\BOOKMARK [2][-]{subsection.7.6.2}{\376\377\000C\000a\000m\000p\000o\000\040\000d\000i\000\040\000M\000a\000c\000h}{section.7.6}% 107
\BOOKMARK [2][-]{subsection.7.6.3}{\376\377\000C\000a\000m\000p\000o\000\040\000d\000i\000\040\000T\000e\000m\000p\000e\000r\000a\000t\000u\000r\000a}{section.7.6}% 108
\BOOKMARK [2][-]{subsection.7.6.4}{\376\377\000A\000r\000t\000e\000f\000a\000t\000t\000i\000\040\000N\000u\000m\000e\000r\000i\000c\000i\000\040\000d\000e\000l\000l\000o\000\040\000S\000c\000h\000e\000m\000a\000\040\000d\000i\000\040\000R\000o\000e}{section.7.6}% 109
\BOOKMARK [2][-]{subsection.7.6.5}{\376\377\000O\000s\000s\000e\000r\000v\000a\000z\000i\000o\000n\000i\000\040\000C\000o\000n\000c\000l\000u\000s\000i\000v\000e}{section.7.6}% 110
\BOOKMARK [0][-]{chapter.8}{\376\377\000A\000n\000a\000l\000i\000s\000i\000\040\000c\000o\000n\000\040\000A\000N\000S\000Y\000S\000\040\000F\000l\000u\000e\000n\000t}{}% 111
\BOOKMARK [1][-]{section.8.1}{\376\377\000W\000o\000r\000k\000f\000l\000o\000w\000\040\000d\000i\000\040\000S\000i\000m\000u\000l\000a\000z\000i\000o\000n\000e}{chapter.8}% 112
\BOOKMARK [1][-]{section.8.2}{\376\377\000L\000S\0005\0009}{chapter.8}% 113
\BOOKMARK [2][-]{subsection.8.2.1}{\376\377\000R\000e\000a\000l\000i\000z\000z\000a\000z\000i\000o\000n\000e\000\040\000d\000e\000l\000l\000a\000\040\000m\000e\000s\000h}{section.8.2}% 114
\BOOKMARK [2][-]{subsection.8.2.2}{\376\377\000y\000+\000\040\000s\000u\000l\000l\000a\000\040\000s\000u\000p\000e\000r\000f\000i\000c\000i\000e\000\040\000d\000e\000l\000l\000a\000\040\000p\000a\000l\000e\000t\000t\000a}{section.8.2}% 115
\BOOKMARK [2][-]{subsection.8.2.3}{\376\377\000C\000a\000m\000p\000i\000\040\000d\000i\000\040\000M\000a\000c\000h\000\040\000e\000\040\000p\000r\000e\000s\000s\000i\000o\000n\000e\000\040\000p\000e\000r\000\040\000c\000a\000s\000o\000\040\000R\000A\000N\000S\000\040\000F\000l\000u\000e\000n\000t}{section.8.2}% 116
\BOOKMARK [2][-]{subsection.8.2.4}{\376\377\000P\000r\000o\000f\000i\000l\000i\000\040\000d\000i\000\040\000s\000t\000r\000a\000t\000o\000\040\000l\000i\000m\000i\000t\000e}{section.8.2}% 117
\BOOKMARK [2][-]{subsection.8.2.5}{\376\377\000C\000o\000n\000f\000r\000o\000n\000t\000o\000\040\000M\000i\000s\000\040\000a\000\040\000p\000a\000r\000e\000t\000e\000:\000\040\000s\000p\000e\000r\000i\000m\000e\000n\000t\000a\000l\000e\000\040\000v\000s\000\040\000R\000A\000N\000S\000\040\000F\000l\000u\000e\000n\000t\000\040\000v\000s\000\040\000E\000u\000l\000e\000r\000o\000\040\000F\000o\000r\000t\000r\000a\000n}{section.8.2}% 118
\BOOKMARK [1][-]{section.8.3}{\376\377\000P\000r\000e\000s\000a\000\040\000a\000\040\000d\000o\000p\000p\000i\000a\000\040\000r\000a\000m\000p\000a}{chapter.8}% 119
\BOOKMARK [2][-]{subsection.8.3.1}{\376\377\000R\000e\000a\000l\000i\000z\000z\000a\000z\000i\000o\000n\000e\000\040\000d\000e\000l\000l\000a\000\040\000m\000e\000s\000h}{section.8.3}% 120
\BOOKMARK [2][-]{subsection.8.3.2}{\376\377\000y\000+\000\040\000s\000u\000l\000l\000a\000\040\000s\000u\000p\000e\000r\000f\000i\000c\000i\000e\000\040\000d\000e\000l\000l\000a\000\040\000p\000a\000r\000e\000t\000e\000\040\000i\000n\000f\000e\000r\000i\000o\000r\000e}{section.8.3}% 121
\BOOKMARK [2][-]{subsection.8.3.3}{\376\377\000C\000a\000m\000p\000i\000\040\000d\000i\000\040\000M\000a\000c\000h\000\040\000e\000\040\000p\000r\000e\000s\000s\000i\000o\000n\000e\000\040\000p\000e\000r\000\040\000c\000a\000s\000o\000\040\000R\000A\000N\000S\000\040\000F\000l\000u\000e\000n\000t}{section.8.3}% 122
\BOOKMARK [2][-]{subsection.8.3.4}{\376\377\000P\000r\000o\000f\000i\000l\000i\000\040\000d\000i\000\040\000s\000t\000r\000a\000t\000o\000\040\000l\000i\000m\000i\000t\000e}{section.8.3}% 123
\BOOKMARK [2][-]{subsection.8.3.5}{\376\377\000C\000o\000n\000f\000r\000o\000n\000t\000o\000\040\000p\000w\000/\000p\0000\000\040\000s\000p\000e\000r\000i\000m\000e\000n\000t\000a\000l\000e\000\040\000v\000s\000\040\000R\000A\000N\000S\000\040\000F\000l\000u\000e\000n\000t\000\040\000v\000s\000\040\000E\000u\000l\000e\000r\000o\000\040\000F\000o\000r\000t\000r\000a\000n}{section.8.3}% 124
\BOOKMARK [0][-]{chapter.9}{\376\377\000O\000t\000t\000i\000m\000i\000z\000z\000a\000z\000i\000o\000n\000e\000\040\000c\000o\000n\000\040\000m\000o\000d\000e\000F\000R\000O\000N\000T\000I\000E\000R}{}% 125
\BOOKMARK [1][-]{section.9.1}{\376\377\000I\000n\000t\000r\000o\000d\000u\000z\000i\000o\000n\000e\000\040\000a\000\040\000m\000o\000d\000e\000F\000R\000O\000N\000T\000I\000E\000R}{chapter.9}% 126
\BOOKMARK [2][-]{subsection.9.1.1}{\376\377\000C\000o\000s\000'\000\350\000\040\000m\000o\000d\000e\000F\000R\000O\000N\000T\000I\000E\000R\000\040\000e\000\040\000p\000e\000r\000c\000h\000\351\000\040\000u\000t\000i\000l\000i\000z\000z\000a\000r\000l\000o}{section.9.1}% 127
\BOOKMARK [2][-]{subsection.9.1.2}{\376\377\000S\000t\000r\000u\000t\000t\000u\000r\000a\000\040\000d\000e\000l\000\040\000p\000r\000o\000g\000r\000a\000m\000m\000a}{section.9.1}% 128
\BOOKMARK [2][-]{subsection.9.1.3}{\376\377\000I\000l\000\040\000c\000o\000n\000c\000e\000t\000t\000o\000\040\000d\000i\000\040\000n\000o\000d\000o}{section.9.1}% 129
\BOOKMARK [2][-]{subsection.9.1.4}{\376\377\000I\000n\000t\000e\000g\000r\000a\000z\000i\000o\000n\000e\000\040\000t\000r\000a\000m\000i\000t\000e\000\040\000A\000P\000I\000\040\000e\000\040\000i\000n\000p\000u\000t\000\040\000t\000e\000m\000p\000l\000a\000t\000e}{section.9.1}% 130
\BOOKMARK [1][-]{section.9.2}{\376\377\000R\000i\000c\000h\000i\000a\000m\000i\000\040\000t\000e\000o\000r\000i\000c\000i\000\040\000d\000i\000\040\000o\000t\000t\000i\000m\000i\000z\000z\000a\000z\000i\000o\000n\000e}{chapter.9}% 131
\BOOKMARK [2][-]{subsection.9.2.1}{\376\377\000T\000i\000p\000o\000l\000o\000g\000i\000e\000\040\000d\000i\000\040\000a\000n\000a\000l\000i\000s\000i\000\040\000s\000u\000p\000p\000o\000r\000t\000a\000t\000e}{section.9.2}% 132
\BOOKMARK [2][-]{subsection.9.2.2}{\376\377\000R\000a\000n\000g\000e\000\040\000d\000i\000\040\000s\000i\000m\000u\000l\000a\000z\000i\000o\000n\000e\000:\000\040\000l\000o\000w\000e\000r\000\040\000b\000o\000u\000n\000d\000,\000\040\000u\000p\000p\000e\000r\000\040\000b\000o\000u\000n\000d\000\040\000e\000\040\000s\000t\000e\000p}{section.9.2}% 133
\BOOKMARK [2][-]{subsection.9.2.3}{\376\377\000D\000e\000s\000i\000g\000n\000\040\000o\000f\000\040\000E\000x\000p\000e\000r\000i\000m\000e\000n\000t\000s}{section.9.2}% 134
\BOOKMARK [2][-]{subsection.9.2.4}{\376\377\000M\000o\000d\000e\000l\000l\000i\000\040\000s\000u\000r\000r\000o\000g\000a\000t\000i\000\040\000e\000\040\000s\000u\000p\000e\000r\000f\000i\000c\000i\000\040\000d\000i\000\040\000r\000i\000s\000p\000o\000s\000t\000a}{section.9.2}% 135
\BOOKMARK [2][-]{subsection.9.2.5}{\376\377\000A\000l\000g\000o\000r\000i\000t\000m\000i\000\040\000d\000i\000\040\000o\000t\000t\000i\000m\000i\000z\000z\000a\000z\000i\000o\000n\000e}{section.9.2}% 136
\BOOKMARK [2][-]{subsection.9.2.6}{\376\377\000D\000o\000m\000i\000n\000a\000n\000z\000a\000\040\000d\000i\000\040\000P\000a\000r\000e\000t\000o\000\040\000e\000\040\000f\000r\000o\000n\000t\000e\000\040\000o\000t\000t\000i\000m\000a\000l\000e}{section.9.2}% 137
\BOOKMARK [1][-]{section.9.3}{\376\377\000R\000a\000p\000p\000r\000e\000s\000e\000n\000t\000a\000z\000i\000o\000n\000i\000\040\000g\000r\000a\000f\000i\000c\000h\000e}{chapter.9}% 138
\BOOKMARK [2][-]{subsection.9.3.1}{\376\377\000S\000p\000a\000z\000i\000o\000\040\000d\000e\000l\000l\000e\000\040\000s\000o\000l\000u\000z\000i\000o\000n\000i\000\040\000\050\000s\000c\000a\000t\000t\000e\000r\000\040\000p\000l\000o\000t\000\051}{section.9.3}% 139
\BOOKMARK [2][-]{subsection.9.3.2}{\376\377\000F\000r\000o\000n\000t\000e\000\040\000d\000i\000\040\000P\000a\000r\000e\000t\000o\000\040\000\050\000s\000c\000a\000t\000t\000e\000r\000\040\000o\000u\000t\000p\000u\000t\000\051}{section.9.3}% 140
\BOOKMARK [2][-]{subsection.9.3.3}{\376\377\000P\000a\000r\000a\000l\000l\000e\000l\000\040\000c\000o\000o\000r\000d\000i\000n\000a\000t\000e\000s}{section.9.3}% 141
\BOOKMARK [1][-]{section.9.4}{\376\377\000C\000a\000s\000e\000\040\000s\000t\000u\000d\000y\000:\000\040\000o\000t\000t\000i\000m\000i\000z\000z\000a\000z\000i\000o\000n\000e\000\040\000d\000i\000\040\000u\000n\000\040\000u\000g\000e\000l\000l\000o\000\040\000s\000u\000p\000e\000r\000s\000o\000n\000i\000c\000o}{chapter.9}% 142
\BOOKMARK [2][-]{subsection.9.4.1}{\376\377\000D\000e\000s\000c\000r\000i\000z\000i\000o\000n\000e\000\040\000f\000i\000s\000i\000c\000a\000\040\000d\000e\000l\000\040\000p\000r\000o\000b\000l\000e\000m\000a}{section.9.4}% 143
\BOOKMARK [2][-]{subsection.9.4.2}{\376\377\000I\000l\000\040\000n\000o\000d\000o\000\040\000c\000u\000s\000t\000o\000m\000\040\000p\000e\000r\000\040\000l\000a\000\040\000g\000e\000o\000m\000e\000t\000r\000i\000a\000\040\000d\000e\000l\000l\000'\000u\000g\000e\000l\000l\000o}{section.9.4}% 144
\BOOKMARK [1][-]{section.9.5}{\376\377\000D\000e\000s\000c\000r\000i\000z\000i\000o\000n\000e\000\040\000d\000e\000l\000\040\000w\000o\000r\000k\000f\000l\000o\000w}{chapter.9}% 145
\BOOKMARK [2][-]{subsection.9.5.1}{\376\377\000C\000a\000t\000e\000n\000a\000\040\000d\000i\000\040\000c\000a\000l\000c\000o\000l\000o\000:\000\040\000s\000t\000r\000u\000m\000e\000n\000t\000i\000\040\000u\000t\000i\000l\000i\000z\000z\000a\000t\000i\000\040\000e\000\040\000m\000e\000t\000o\000d\000o\000\040\000d\000i\000\040\000v\000a\000l\000u\000t\000a\000z\000i\000o\000n\000e}{section.9.5}% 146
\BOOKMARK [2][-]{subsection.9.5.2}{\376\377\000N\000o\000d\000o\000\040\000I\000n\000p\000u\000t}{section.9.5}% 147
\BOOKMARK [2][-]{subsection.9.5.3}{\376\377\000N\000o\000d\000o\000\040\000P\000r\000o\000j\000e\000c\000t\000\040\000F\000i\000l\000e}{section.9.5}% 148
\BOOKMARK [2][-]{subsection.9.5.4}{\376\377\000N\000o\000d\000o\000\040\000D\000O\000S\000\040\000\050\000S\000c\000r\000i\000p\000t\000\051}{section.9.5}% 149
\BOOKMARK [2][-]{subsection.9.5.5}{\376\377\000N\000o\000d\000o\000\040\000T\000r\000a\000n\000s\000f\000e\000r\000\040\000F\000i\000l\000e}{section.9.5}% 150
\BOOKMARK [2][-]{subsection.9.5.6}{\376\377\000N\000o\000d\000o\000\040\000E\000x\000i\000t\000\040\000e\000\040\000g\000e\000s\000t\000i\000o\000n\000e\000\040\000d\000e\000l\000l\000'\000o\000u\000t\000p\000u\000t}{section.9.5}% 151
\BOOKMARK [1][-]{section.9.6}{\376\377\000R\000i\000s\000u\000l\000t\000a\000t\000i\000:\000\040\000c\000a\000s\000o\000\040\000s\000t\000u\000d\000i\000o\000\040\000u\000g\000e\000l\000l\000o}{chapter.9}% 152
\BOOKMARK [2][-]{subsection.9.6.1}{\376\377\000S\000c\000a\000t\000t\000e\000r\000\040\000p\000l\000o\000t\000\040\000L\000\040\000v\000s\000\040}{section.9.6}% 153
\BOOKMARK [2][-]{subsection.9.6.2}{\376\377\000F\000r\000o\000n\000t\000e\000\040\000d\000i\000\040\000P\000a\000r\000e\000t\000o}{section.9.6}% 154
\BOOKMARK [2][-]{subsection.9.6.3}{\376\377\000P\000a\000r\000a\000l\000l\000e\000l\000\040\000c\000o\000o\000r\000d\000i\000n\000a\000t\000e\000s\000\040\000n\000o\000n\000\040\000f\000i\000l\000t\000r\000a\000t\000o}{section.9.6}% 155
\BOOKMARK [2][-]{subsection.9.6.4}{\376\377\000P\000a\000r\000a\000l\000l\000e\000l\000\040\000c\000o\000o\000r\000d\000i\000n\000a\000t\000e\000s\000\040\000f\000i\000l\000t\000r\000a\000t\000o}{section.9.6}% 156
